[    0.000000] Linux version 5.15.153.1-microsoft-standard-WSL2 (root@941d701f84f1) (gcc (GCC) 11.2.0, GNU ld (GNU Binutils) 2.37) #1 SMP Fri Mar 29 23:14:13 UTC 2024
[    0.000000] Command line: initrd=\initrd.img WSL_ROOT_INIT=1 panic=-1 nr_cpus=16 hv_utils.timesync_implicit=1 console=hvc0 debug pty.legacy_count=0 WSL_ENABLE_CRASH_DUMP=1
[    0.000000] KERNEL supported cpus:
[    0.000000]   Intel GenuineIntel
[    0.000000]   AMD AuthenticAMD
[    0.000000]   Centaur CentaurHauls
[    0.000000] BIOS-provided physical RAM map:
[    0.000000] BIOS-e820: [mem 0x0000000000000000-0x000000000009ffff] usable
[    0.000000] BIOS-e820: [mem 0x00000000000e0000-0x00000000000e0fff] reserved
[    0.000000] BIOS-e820: [mem 0x0000000000100000-0x00000000001fffff] ACPI data
[    0.000000] BIOS-e820: [mem 0x0000000000200000-0x00000000f7ffffff] usable
[    0.000000] BIOS-e820: [mem 0x0000000100000000-0x00000004059fffff] usable
[    0.000000] NX (Execute Disable) protection: active
[    0.000000] DMI not present or invalid.
[    0.000000] Hypervisor detected: Microsoft Hyper-V
[    0.000000] Hyper-V: privilege flags low 0xae7f, high 0x3b8030, hints 0xc2c, misc 0x20bed7b2
[    0.000000] Hyper-V Host Build:19041-10.0-6-0.6456
[    0.000000] Hyper-V: Nested features: 0x0
[    0.000000] Hyper-V: LAPIC Timer Frequency: 0x1e8480
[    0.000000] Hyper-V: Using hypercall for remote TLB flush
[    0.000000] clocksource: hyperv_clocksource_tsc_page: mask: 0xffffffffffffffff max_cycles: 0x24e6a1710, max_idle_ns: 440795202120 ns
[    0.000002] tsc: Detected 3000.007 MHz processor
[    0.000007] e820: update [mem 0x00000000-0x00000fff] usable ==> reserved
[    0.000009] e820: remove [mem 0x000a0000-0x000fffff] usable
[    0.000011] last_pfn = 0x405a00 max_arch_pfn = 0x400000000
[    0.000044] x86/PAT: Configuration [0-7]: WB  WC  UC- UC  WB  WP  UC- WT  
[    0.000057] last_pfn = 0xf8000 max_arch_pfn = 0x400000000
[    0.000072] Using GB pages for direct mapping
[    0.000126] RAMDISK: [mem 0x03dda000-0x04001fff]
[    0.000128] ACPI: Early table checksum verification disabled
[    0.000130] ACPI: RSDP 0x00000000000E0000 000024 (v02 VRTUAL)
[    0.000133] ACPI: XSDT 0x0000000000100000 000044 (v01 VRTUAL MICROSFT 00000001 MSFT 00000001)
[    0.000136] ACPI: FACP 0x0000000000101000 000114 (v06 VRTUAL MICROSFT 00000001 MSFT 00000001)
[    0.000139] ACPI: DSDT 0x00000000001011B8 01E184 (v02 MSFTVM DSDT01   00000001 MSFT 05000000)
[    0.000141] ACPI: FACS 0x0000000000101114 000040
[    0.000143] ACPI: OEM0 0x0000000000101154 000064 (v01 VRTUAL MICROSFT 00000001 MSFT 00000001)
[    0.000145] ACPI: SRAT 0x000000000011F33C 000310 (v02 VRTUAL MICROSFT 00000001 MSFT 00000001)
[    0.000147] ACPI: APIC 0x000000000011F64C 0000C8 (v04 VRTUAL MICROSFT 00000001 MSFT 00000001)
[    0.000148] ACPI: Reserving FACP table memory at [mem 0x101000-0x101113]
[    0.000149] ACPI: Reserving DSDT table memory at [mem 0x1011b8-0x11f33b]
[    0.000150] ACPI: Reserving FACS table memory at [mem 0x101114-0x101153]
[    0.000150] ACPI: Reserving OEM0 table memory at [mem 0x101154-0x1011b7]
[    0.000151] ACPI: Reserving SRAT table memory at [mem 0x11f33c-0x11f64b]
[    0.000152] ACPI: Reserving APIC table memory at [mem 0x11f64c-0x11f713]
[    0.000438] Zone ranges:
[    0.000440]   DMA      [mem 0x0000000000001000-0x0000000000ffffff]
[    0.000442]   DMA32    [mem 0x0000000001000000-0x00000000ffffffff]
[    0.000443]   Normal   [mem 0x0000000100000000-0x00000004059fffff]
[    0.000444]   Device   empty
[    0.000445] Movable zone start for each node
[    0.000445] Early memory node ranges
[    0.000446]   node   0: [mem 0x0000000000001000-0x000000000009ffff]
[    0.000447]   node   0: [mem 0x0000000000200000-0x00000000f7ffffff]
[    0.000448]   node   0: [mem 0x0000000100000000-0x00000004059fffff]
[    0.000450] Initmem setup node 0 [mem 0x0000000000001000-0x00000004059fffff]
[    0.000586] On node 0, zone DMA: 1 pages in unavailable ranges
[    0.000601] On node 0, zone DMA: 352 pages in unavailable ranges
[    0.008288] On node 0, zone Normal: 9728 pages in unavailable ranges
[    0.008336] ACPI: LAPIC_NMI (acpi_id[0x01] dfl dfl lint[0x1])
[    0.008649] IOAPIC[0]: apic_id 16, version 17, address 0xfec00000, GSI 0-23
[    0.008653] ACPI: INT_SRC_OVR (bus 0 bus_irq 9 global_irq 9 high level)
[    0.008657] ACPI: Using ACPI (MADT) for SMP configuration information
[    0.008661] smpboot: Allowing 16 CPUs, 0 hotplug CPUs
[    0.008666] [mem 0xf8000000-0xffffffff] available for PCI devices
[    0.008667] Booting paravirtualized kernel on Hyper-V
[    0.008669] clocksource: refined-jiffies: mask: 0xffffffff max_cycles: 0xffffffff, max_idle_ns: 19112604462750000 ns
[    0.012517] setup_percpu: NR_CPUS:256 nr_cpumask_bits:256 nr_cpu_ids:16 nr_node_ids:1
[    0.013086] percpu: Embedded 54 pages/cpu s180696 r8192 d32296 u262144
[    0.013092] pcpu-alloc: s180696 r8192 d32296 u262144 alloc=1*2097152
[    0.013095] pcpu-alloc: [0] 00 01 02 03 04 05 06 07 [0] 08 09 10 11 12 13 14 15 
[    0.013114] Hyper-V: PV spinlocks enabled
[    0.013116] PV qspinlock hash table entries: 256 (order: 0, 4096 bytes, linear)
[    0.013121] Built 1 zonelists, mobility grouping on.  Total pages: 4118173
[    0.013122] Kernel command line: initrd=\initrd.img WSL_ROOT_INIT=1 panic=-1 nr_cpus=16 hv_utils.timesync_implicit=1 console=hvc0 debug pty.legacy_count=0 WSL_ENABLE_CRASH_DUMP=1
[    0.013176] Unknown kernel command line parameters "WSL_ROOT_INIT=1 WSL_ENABLE_CRASH_DUMP=1", will be passed to user space.
[    0.014837] Dentry cache hash table entries: 2097152 (order: 12, 16777216 bytes, linear)
[    0.015641] Inode-cache hash table entries: 1048576 (order: 11, 8388608 bytes, linear)
[    0.015684] mem auto-init: stack:off, heap alloc:off, heap free:off
[    0.031485] Memory: 4124252K/16736892K available (18452K kernel code, 2628K rwdata, 9648K rodata, 2008K init, 1816K bss, 402444K reserved, 0K cma-reserved)
[    0.031517] SLUB: HWalign=64, Order=0-3, MinObjects=0, CPUs=16, Nodes=1
[    0.031526] ftrace: allocating 52916 entries in 207 pages
[    0.048295] ftrace: allocated 207 pages with 6 groups
[    0.048485] rcu: Hierarchical RCU implementation.
[    0.048487] rcu: 	RCU restricting CPUs from NR_CPUS=256 to nr_cpu_ids=16.
[    0.048488] 	Rude variant of Tasks RCU enabled.
[    0.048489] 	Tracing variant of Tasks RCU enabled.
[    0.048489] rcu: RCU calculated value of scheduler-enlistment delay is 10 jiffies.
[    0.048490] rcu: Adjusting geometry for rcu_fanout_leaf=16, nr_cpu_ids=16
[    0.051280] Using NULL legacy PIC
[    0.051281] NR_IRQS: 16640, nr_irqs: 552, preallocated irqs: 0
[    0.051576] random: crng init done
[    0.051596] Console: colour dummy device 80x25
[    0.051605] ACPI: Core revision 20210730
[    0.051665] Failed to register legacy timer interrupt
[    0.051666] APIC: Switch to symmetric I/O mode setup
[    0.051667] Switched APIC routing to physical flat.
[    0.051679] Hyper-V: Using IPI hypercalls
[    0.051680] Hyper-V: Using enlightened APIC (xapic mode)
[    0.051766] clocksource: tsc-early: mask: 0xffffffffffffffff max_cycles: 0x2b3e4c0030f, max_idle_ns: 440795221275 ns
[    0.051772] Calibrating delay loop (skipped), value calculated using timer frequency.. 6000.01 BogoMIPS (lpj=30000070)
[    0.051865] x86/cpu: User Mode Instruction Prevention (UMIP) activated
[    0.051870] Last level iTLB entries: 4KB 512, 2MB 512, 4MB 256
[    0.051871] Last level dTLB entries: 4KB 2048, 2MB 2048, 4MB 1024, 1GB 0
[    0.051874] Spectre V1 : Mitigation: usercopy/swapgs barriers and __user pointer sanitization
[    0.051875] Spectre V2 : Mitigation: Retpolines
[    0.051876] Spectre V2 : Spectre v2 / SpectreRSB mitigation: Filling RSB on context switch
[    0.051877] Spectre V2 : Spectre v2 / SpectreRSB : Filling RSB on VMEXIT
[    0.051877] Spectre V2 : Enabling Restricted Speculation for firmware calls
[    0.051878] Spectre V2 : mitigation: Enabling conditional Indirect Branch Prediction Barrier
[    0.051879] Spectre V2 : User space: Mitigation: STIBP via seccomp and prctl
[    0.051879] Speculative Store Bypass: Vulnerable
[    0.051880] Speculative Return Stack Overflow: Mitigation: safe RET
[    0.051893] x86/fpu: Supporting XSAVE feature 0x001: 'x87 floating point registers'
[    0.051894] x86/fpu: Supporting XSAVE feature 0x002: 'SSE registers'
[    0.051895] x86/fpu: Supporting XSAVE feature 0x004: 'AVX registers'
[    0.051897] x86/fpu: xstate_offset[2]:  576, xstate_sizes[2]:  256
[    0.051898] x86/fpu: Enabled xstate features 0x7, context size is 832 bytes, using 'compacted' format.
[    0.061769] Freeing SMP alternatives memory: 60K
[    0.061769] pid_max: default: 32768 minimum: 301
[    0.061769] LSM: Security Framework initializing
[    0.061769] landlock: Up and running.
[    0.061769] Mount-cache hash table entries: 32768 (order: 6, 262144 bytes, linear)
[    0.061769] Mountpoint-cache hash table entries: 32768 (order: 6, 262144 bytes, linear)
[    0.061769] smpboot: CPU0: AMD Ryzen 7 5700X3D 8-Core Processor (family: 0x19, model: 0x21, stepping: 0x2)
[    0.061769] Performance Events: PMU not available due to virtualization, using software events only.
[    0.061769] signal: max sigframe size: 1776
[    0.061769] rcu: Hierarchical SRCU implementation.
[    0.061769] smp: Bringing up secondary CPUs ...
[    0.061769] x86: Booting SMP configuration:
[    0.061769] .... node  #0, CPUs:        #1  #2  #3  #4  #5  #6  #7  #8  #9 #10 #11 #12 #13 #14 #15
[    0.061955] smp: Brought up 1 node, 16 CPUs
[    0.061959] smpboot: Max logical packages: 1
[    0.061960] smpboot: Total of 16 processors activated (96000.22 BogoMIPS)
[    0.074122] node 0 deferred pages initialised in 10ms
[    0.074122] devtmpfs: initialized
[    0.074122] x86/mm: Memory block size: 128MB
[    0.074122] clocksource: jiffies: mask: 0xffffffff max_cycles: 0xffffffff, max_idle_ns: 19112604462750000 ns
[    0.074122] futex hash table entries: 4096 (order: 6, 262144 bytes, linear)
[    0.074122] NET: Registered PF_NETLINK/PF_ROUTE protocol family
[    0.074122] audit: initializing netlink subsys (disabled)
[    0.074122] audit: type=2000 audit(1761731186.020:1): state=initialized audit_enabled=0 res=1
[    0.074122] thermal_sys: Registered thermal governor 'step_wise'
[    0.074122] cpuidle: using governor menu
[    0.074122] ACPI: bus type PCI registered
[    0.074122] PCI: Fatal: No config space access function found
[    0.074122] kprobes: kprobe jump-optimization is enabled. All kprobes are optimized if possible.
[    0.074122] HugeTLB registered 1.00 GiB page size, pre-allocated 0 pages
[    0.074122] HugeTLB registered 2.00 MiB page size, pre-allocated 0 pages
[    0.081824] raid6: skip pq benchmark and using algorithm avx2x4
[    0.081824] raid6: using avx2x2 recovery algorithm
[    0.081824] ACPI: Added _OSI(Module Device)
[    0.081824] ACPI: Added _OSI(Processor Device)
[    0.081824] ACPI: Added _OSI(3.0 _SCP Extensions)
[    0.081824] ACPI: Added _OSI(Processor Aggregator Device)
[    0.081824] ACPI: Added _OSI(Linux-Dell-Video)
[    0.081825] ACPI: Added _OSI(Linux-Lenovo-NV-HDMI-Audio)
[    0.081826] ACPI: Added _OSI(Linux-HPI-Hybrid-Graphics)
[    0.094175] ACPI: 1 ACPI AML tables successfully acquired and loaded
[    0.095061] ACPI: Interpreter enabled
[    0.095065] ACPI: PM: (supports S0 S5)
[    0.095067] ACPI: Using IOAPIC for interrupt routing
[    0.095076] PCI: Using host bridge windows from ACPI; if necessary, use "pci=nocrs" and report a bug
[    0.095235] ACPI: Enabled 1 GPEs in block 00 to 0F
[    0.096411] iommu: Default domain type: Translated 
[    0.096413] iommu: DMA domain TLB invalidation policy: lazy mode 
[    0.096492] SCSI subsystem initialized
[    0.096516] ACPI: bus type USB registered
[    0.096529] usbcore: registered new interface driver usbfs
[    0.096536] usbcore: registered new interface driver hub
[    0.096545] usbcore: registered new device driver usb
[    0.096557] pps_core: LinuxPPS API ver. 1 registered
[    0.096558] pps_core: Software ver. 5.3.6 - Copyright 2005-2007 Rodolfo Giometti <giometti@linux.it>
[    0.096561] PTP clock support registered
[    0.096605] hv_vmbus: Vmbus version:5.2
[    0.096605] PCI: Using ACPI for IRQ routing
[    0.096605] PCI: System does not support PCI
[    0.096605] clocksource: Switched to clocksource tsc-early
[    0.096605] hv_vmbus: Unknown GUID: c376c1c3-d276-48d2-90a9-c04748072c60
[    0.096605] hv_vmbus: Unknown GUID: 6e382d18-3336-4f4b-acc4-2b7703d4df4a
[    0.096605] hv_vmbus: Unknown GUID: dde9cbc0-5060-4436-9448-ea1254a5d177
[    0.106675] VFS: Disk quotas dquot_6.6.0
[    0.106689] VFS: Dquot-cache hash table entries: 512 (order 0, 4096 bytes)
[    0.106709] FS-Cache: Loaded
[    0.106734] pnp: PnP ACPI init
[    0.106854] pnp: PnP ACPI: found 1 devices
[    0.111273] NET: Registered PF_INET protocol family
[    0.111530] IP idents hash table entries: 262144 (order: 9, 2097152 bytes, linear)
[    0.112276] tcp_listen_portaddr_hash hash table entries: 8192 (order: 5, 131072 bytes, linear)
[    0.112287] Table-perturb hash table entries: 65536 (order: 6, 262144 bytes, linear)
[    0.112292] TCP established hash table entries: 131072 (order: 8, 1048576 bytes, linear)
[    0.112493] TCP bind hash table entries: 65536 (order: 8, 1048576 bytes, linear)
[    0.112561] TCP: Hash tables configured (established 131072 bind 65536)
[    0.112586] UDP hash table entries: 8192 (order: 6, 262144 bytes, linear)
[    0.112733] UDP-Lite hash table entries: 8192 (order: 6, 262144 bytes, linear)
[    0.112797] NET: Registered PF_UNIX/PF_LOCAL protocol family
[    0.113161] RPC: Registered named UNIX socket transport module.
[    0.113164] RPC: Registered udp transport module.
[    0.113166] RPC: Registered tcp transport module.
[    0.113167] RPC: Registered tcp NFSv4.1 backchannel transport module.
[    0.113170] PCI: CLS 0 bytes, default 64
[    0.113194] PCI-DMA: Using software bounce buffering for IO (SWIOTLB)
[    0.113196] software IO TLB: mapped [mem 0x00000000f4000000-0x00000000f8000000] (64MB)
[    0.113229] Trying to unpack rootfs image as initramfs...
[    0.113270] kvm: no hardware support
[    0.113272] has_svm: svm not available
[    0.113274] kvm: no hardware support
[    0.113981] Freeing initrd memory: 2208K
[    0.114891] Initialise system trusted keyrings
[    0.114992] workingset: timestamp_bits=46 max_order=22 bucket_order=0
[    0.116195] squashfs: version 4.0 (2009/01/31) Phillip Lougher
[    0.116388] NFS: Registering the id_resolver key type
[    0.116393] Key type id_resolver registered
[    0.116395] Key type id_legacy registered
[    0.116398] nfs4filelayout_init: NFSv4 File Layout Driver Registering...
[    0.116400] nfs4flexfilelayout_init: NFSv4 Flexfile Layout Driver Registering...
[    0.116402] Installing knfsd (copyright (C) 1996 okir@monad.swb.de).
[    0.117147] Key type cifs.idmap registered
[    0.117212] fuse: init (API version 7.34)
[    0.117408] SGI XFS with ACLs, security attributes, realtime, scrub, repair, quota, no debug enabled
[    0.117936] 9p: Installing v9fs 9p2000 file system support
[    0.117948] FS-Cache: Netfs '9p' registered for caching
[    0.118009] FS-Cache: Netfs 'ceph' registered for caching
[    0.118011] ceph: loaded (mds proto 32)
[    0.122526] NET: Registered PF_ALG protocol family
[    0.122531] xor: automatically using best checksumming function   avx       
[    0.122534] Key type asymmetric registered
[    0.122536] Asymmetric key parser 'x509' registered
[    0.122566] Block layer SCSI generic (bsg) driver version 0.4 loaded (major 248)
[    0.123388] hv_vmbus: registering driver hv_pci
[    0.124320] hv_pci c61f6e51-4069-4087-8cf4-0bc9db9f576b: PCI VMBus probing: Using version 0x10003
[    0.125492] hv_pci c61f6e51-4069-4087-8cf4-0bc9db9f576b: PCI host bridge to bus 4069:00
[    0.125495] pci_bus 4069:00: root bus resource [mem 0x9ffe00000-0x9ffe02fff window]
[    0.125498] pci_bus 4069:00: No busn resource found for root bus, will use [bus 00-ff]
[    0.126335] pci 4069:00:00.0: [1af4:1043] type 00 class 0x010000
[    0.127209] pci 4069:00:00.0: reg 0x10: [mem 0x9ffe00000-0x9ffe00fff 64bit]
[    0.127814] pci 4069:00:00.0: reg 0x18: [mem 0x9ffe01000-0x9ffe01fff 64bit]
[    0.128403] pci 4069:00:00.0: reg 0x20: [mem 0x9ffe02000-0x9ffe02fff 64bit]
[    0.131509] pci_bus 4069:00: busn_res: [bus 00-ff] end is updated to 00
[    0.131515] pci 4069:00:00.0: BAR 0: assigned [mem 0x9ffe00000-0x9ffe00fff 64bit]
[    0.131922] pci 4069:00:00.0: BAR 2: assigned [mem 0x9ffe01000-0x9ffe01fff 64bit]
[    0.132319] pci 4069:00:00.0: BAR 4: assigned [mem 0x9ffe02000-0x9ffe02fff 64bit]
[    0.135882] hv_pci f0b5d1da-68cb-4298-aed2-3b0df61c16f8: PCI VMBus probing: Using version 0x10003
[    0.136582] hv_pci f0b5d1da-68cb-4298-aed2-3b0df61c16f8: PCI host bridge to bus 68cb:00
[    0.136585] pci_bus 68cb:00: No busn resource found for root bus, will use [bus 00-ff]
[    0.136976] pci 68cb:00:00.0: [1414:008e] type 00 class 0x030200
[    0.141536] pci_bus 68cb:00: busn_res: [bus 00-ff] end is updated to 00
[    0.145788] Serial: 8250/16550 driver, 4 ports, IRQ sharing disabled
[    0.183478] Non-volatile memory driver v1.3
[    0.183639] [drm] Initialized vgem 1.0.0 20120112 for vgem on minor 0
[    0.184997] printk: console [hvc0] enabled
[    0.188329] brd: module loaded
[    0.189819] loop: module loaded
[    0.190100] hv_vmbus: registering driver hv_storvsc
[    0.190523] wireguard: WireGuard 1.0.0 loaded. See www.wireguard.com for information.
[    0.191001] wireguard: Copyright (C) 2015-2019 Jason A. Donenfeld <Jason@zx2c4.com>. All Rights Reserved.
[    0.191505] tun: Universal TUN/TAP device driver, 1.6
[    0.191871] PPP generic driver version 2.4.2
[    0.192262] PPP BSD Compression module registered
[    0.192597] PPP Deflate Compression module registered
[    0.192902] PPP MPPE Compression module registered
[    0.193117] scsi host0: storvsc_host_t
[    0.193188] NET: Registered PF_PPPOX protocol family
[    0.193728] usbcore: registered new interface driver cdc_ether
[    0.194094] usbcore: registered new interface driver cdc_ncm
[    0.194457] usbcore: registered new interface driver r8153_ecm
[    0.194810] hv_vmbus: registering driver hv_netvsc
[    0.195183] VFIO - User Level meta-driver version: 0.3
[    0.195588] usbcore: registered new interface driver cdc_acm
[    0.195945] cdc_acm: USB Abstract Control Model driver for USB modems and ISDN adapters
[    0.196475] vhci_hcd vhci_hcd.0: USB/IP Virtual Host Controller
[    0.196848] vhci_hcd vhci_hcd.0: new USB bus registered, assigned bus number 1
[    0.197314] vhci_hcd: created sysfs vhci_hcd.0
[    0.197817] usb usb1: New USB device found, idVendor=1d6b, idProduct=0002, bcdDevice= 5.15
[    0.198252] usb usb1: New USB device strings: Mfr=3, Product=2, SerialNumber=1
[    0.198661] usb usb1: Product: USB/IP Virtual Host Controller
[    0.199012] usb usb1: Manufacturer: Linux 5.15.153.1-microsoft-standard-WSL2 vhci_hcd
[    0.199434] usb usb1: SerialNumber: vhci_hcd.0
[    0.199867] hub 1-0:1.0: USB hub found
[    0.200132] hub 1-0:1.0: 8 ports detected
[    0.200695] vhci_hcd vhci_hcd.0: USB/IP Virtual Host Controller
[    0.201056] vhci_hcd vhci_hcd.0: new USB bus registered, assigned bus number 2
[    0.201546] usb usb2: We don't know the algorithms for LPM for this host, disabling LPM.
[    0.202151] usb usb2: New USB device found, idVendor=1d6b, idProduct=0003, bcdDevice= 5.15
[    0.202595] usb usb2: New USB device strings: Mfr=3, Product=2, SerialNumber=1
[    0.203030] usb usb2: Product: USB/IP Virtual Host Controller
[    0.203384] usb usb2: Manufacturer: Linux 5.15.153.1-microsoft-standard-WSL2 vhci_hcd
[    0.203812] usb usb2: SerialNumber: vhci_hcd.0
[    0.204221] hub 2-0:1.0: USB hub found
[    0.204467] hub 2-0:1.0: 8 ports detected
[    0.205044] hv_vmbus: registering driver hyperv_keyboard
[    0.205363] rtc_cmos 00:00: RTC can wake from S4
[    0.207467] rtc_cmos 00:00: registered as rtc0
[    0.208101] rtc_cmos 00:00: setting system clock to 2025-10-29T09:46:26 UTC (1761731186)
[    0.208655] rtc_cmos 00:00: alarms up to one month, 114 bytes nvram
[    0.209219] device-mapper: ioctl: 4.45.0-ioctl (2021-03-22) initialised: dm-devel@redhat.com
[    0.209829] device-mapper: raid: Loading target version 1.15.1
[    0.210255] hid: raw HID events driver (C) Jiri Kosina
[    0.210560] usbcore: registered new interface driver usbhid
[    0.210856] usbhid: USB HID core driver
[    0.211134] hv_utils: Registering HyperV Utility Driver
[    0.211420] hv_vmbus: registering driver hv_utils
[    0.211725] hv_vmbus: registering driver hv_balloon
[    0.211989] hv_utils: TimeSync IC version 4.0
[    0.212121] hv_vmbus: registering driver dxgkrnl
[    0.212540] hv_balloon: Using Dynamic Memory protocol version 2.0
[    0.213479] drop_monitor: Initializing network drop monitor service
[    0.213531] Free page reporting enabled
[    0.213875] Mirror/redirect action on
[    0.214089] hv_balloon: Cold memory discard hint enabled with order 9
[    0.214366] u32 classifier
[    0.214847]     Performance counters on
[    0.215058]     input device check on
[    0.215269]     Actions configured
[    0.216145] IPVS: Registered protocols (TCP, UDP)
[    0.216460] IPVS: Connection hash table configured (size=4096, memory=32Kbytes)
[    0.216924] IPVS: ipvs loaded.
[    0.217136] IPVS: [rr] scheduler registered.
[    0.217414] IPVS: [wrr] scheduler registered.
[    0.217688] IPVS: [sh] scheduler registered.
[    0.218008] ipt_CLUSTERIP: ClusterIP Version 0.8 loaded successfully
[    0.218356] Initializing XFRM netlink socket
[    0.218693] NET: Registered PF_INET6 protocol family
[    0.219309] Segment Routing with IPv6
[    0.219525] In-situ OAM (IOAM) with IPv6
[    0.219782] NET: Registered PF_PACKET protocol family
[    0.220078] Bridge firewalling registered
[    0.220332] 8021q: 802.1Q VLAN Support v1.8
[    0.220567] sctp: Hash tables configured (bind 256/256)
[    0.220913] 9pnet: Installing 9P2000 support
[    0.221250] Key type dns_resolver registered
[    0.221532] Key type ceph registered
[    0.221859] libceph: loaded (mon/osd proto 15/24)
[    0.222205] NET: Registered PF_VSOCK protocol family
[    0.222480] hv_vmbus: registering driver hv_sock
[    0.222836] IPI shorthand broadcast: enabled
[    0.223145] sched_clock: Marking stable (221981338, 207200)->(246513500, -24324962)
[    0.224098] registered taskstats version 1
[    0.224935] Loading compiled-in X.509 certificates
[    0.226800] Btrfs loaded, crc32c=crc32c-generic, zoned=no, fsverity=no
[    0.228106] Freeing unused kernel image (initmem) memory: 2008K
[    0.228467] Write protecting the kernel read-only data: 30720k
[    0.229400] Freeing unused kernel image (text/rodata gap) memory: 2024K
[    0.229980] Freeing unused kernel image (rodata/data gap) memory: 592K
[    0.230376] Run /init as init process
[    0.230586]   with arguments:
[    0.230798]     /init
[    0.230936]   with environment:
[    0.231142]     HOME=/
[    0.231279]     TERM=linux
[    0.231417]     WSL_ROOT_INIT=1
[    0.231623]     WSL_ENABLE_CRASH_DUMP=1
[    0.234316] scsi 0:0:0:0: Direct-Access     Msft     Virtual Disk     1.0  PQ: 0 ANSI: 5
[    0.239873] sd 0:0:0:0: Attached scsi generic sg0 type 0
[    0.240427] sd 0:0:0:0: [sda] 795504 512-byte logical blocks: (407 MB/388 MiB)
[    0.240929] sd 0:0:0:0: [sda] Write Protect is on
[    0.241212] sd 0:0:0:0: [sda] Mode Sense: 0f 00 80 00
[    0.241615] sd 0:0:0:0: [sda] Write cache: disabled, read cache: enabled, doesn't support DPO or FUA
[    0.244052] sd 0:0:0:0: [sda] Attached SCSI disk
[    0.300414] scsi 0:0:0:1: Direct-Access     Msft     Virtual Disk     1.0  PQ: 0 ANSI: 5
[    0.301438] EXT4-fs (sda): mounted filesystem without journal. Opts: (null). Quota mode: none.
[    0.306684] sd 0:0:0:1: Attached scsi generic sg1 type 0
[    0.307411] sd 0:0:0:1: [sdb] 8388616 512-byte logical blocks: (4.29 GB/4.00 GiB)
[    0.308295] sd 0:0:0:1: [sdb] 4096-byte physical blocks
[    0.308920] IPv6: ADDRCONF(NETDEV_CHANGE): eth0: link becomes ready
[    0.308931] sd 0:0:0:1: [sdb] Write Protect is off
[    0.309908] sd 0:0:0:1: [sdb] Mode Sense: 0f 00 00 00
[    0.310735] sd 0:0:0:1: [sdb] Write cache: enabled, read cache: enabled, doesn't support DPO or FUA
[    0.313881] sd 0:0:0:1: [sdb] Attached SCSI disk
[    0.339106] Adding 4194304k swap on /dev/sdb.  Priority:-2 extents:1 across:4194304k 
[    0.387459] hv_pci d6de30aa-a1c6-4dd1-8f05-657305c66765: PCI VMBus probing: Using version 0x10003
[    0.389526] hv_pci d6de30aa-a1c6-4dd1-8f05-657305c66765: PCI host bridge to bus a1c6:00
[    0.389956] pci_bus a1c6:00: root bus resource [mem 0xc00000000-0xe00001fff window]
[    0.390404] pci_bus a1c6:00: No busn resource found for root bus, will use [bus 00-ff]
[    0.391845] pci a1c6:00:00.0: [1af4:105a] type 00 class 0x088000
[    0.394241] pci a1c6:00:00.0: reg 0x10: [mem 0xe00000000-0xe00000fff 64bit]
[    0.396507] pci a1c6:00:00.0: reg 0x18: [mem 0xe00001000-0xe00001fff 64bit]
[    0.399015] pci a1c6:00:00.0: reg 0x20: [mem 0xc00000000-0xdffffffff 64bit]
[    0.404900] pci_bus a1c6:00: busn_res: [bus 00-ff] end is updated to 00
[    0.405305] pci a1c6:00:00.0: BAR 4: assigned [mem 0xc00000000-0xdffffffff 64bit]
[    0.407290] pci a1c6:00:00.0: BAR 0: assigned [mem 0xe00000000-0xe00000fff 64bit]
[    0.409267] pci a1c6:00:00.0: BAR 2: assigned [mem 0xe00001000-0xe00001fff 64bit]
[    0.425485] virtiofs virtio1: Cache len: 0x200000000 @ 0xc00000000
[    0.476195] memmap_init_zone_device initialised 2097152 pages in 10ms
[    0.481462] FS-Cache: Duplicate cookie detected
[    0.481762] FS-Cache: O-cookie c=00000006 [p=00000002 fl=222 nc=0 na=1]
[    0.482167] FS-Cache: O-cookie d=000000004b291c58{9P.session} n=00000000aa5b4210
[    0.482616] FS-Cache: O-key=[10] '34323934393337333339'
[    0.482905] FS-Cache: N-cookie c=00000007 [p=00000002 fl=2 nc=0 na=1]
[    0.483257] FS-Cache: N-cookie d=000000004b291c58{9P.session} n=000000002ba90db4
[    0.483684] FS-Cache: N-key=[10] '34323934393337333339'
[    0.501214] scsi 0:0:0:2: Direct-Access     Msft     Virtual Disk     1.0  PQ: 0 ANSI: 5
[    0.506541] sd 0:0:0:2: Attached scsi generic sg2 type 0
[    0.507145] sd 0:0:0:2: [sdc] 2147483648 512-byte logical blocks: (1.10 TB/1.00 TiB)
[    0.507576] sd 0:0:0:2: [sdc] 4096-byte physical blocks
[    0.507923] sd 0:0:0:2: [sdc] Write Protect is off
[    0.508206] sd 0:0:0:2: [sdc] Mode Sense: 0f 00 00 00
[    0.508616] sd 0:0:0:2: [sdc] Write cache: enabled, read cache: enabled, doesn't support DPO or FUA
[    0.511037] sd 0:0:0:2: [sdc] Attached SCSI disk
[    0.627451] EXT4-fs (sdc): recovery complete
[    0.628724] EXT4-fs (sdc): mounted filesystem with ordered data mode. Opts: discard,errors=remount-ro,data=ordered. Quota mode: none.
[    0.739819] FS-Cache: Duplicate cookie detected
[    0.740121] FS-Cache: O-cookie c=00000008 [p=00000006 fl=226 nc=0 na=1]
[    0.740513] FS-Cache: O-cookie d=0000000062ae7b15{9p.inode} n=00000000928c8ce3
[    0.740945] FS-Cache: O-key=[8] 'ed48020000001a00'
[    0.741307] FS-Cache: N-cookie c=00000009 [p=00000006 fl=2 nc=0 na=1]
[    0.741677] FS-Cache: N-cookie d=0000000062ae7b15{9p.inode} n=00000000fd1f5b67
[    0.742112] FS-Cache: N-key=[8] 'ed48020000001a00'
[    0.743195] FS-Cache: Duplicate cookie detected
[    0.743495] FS-Cache: O-cookie c=00000008 [p=00000006 fl=226 nc=0 na=1]
[    0.743850] FS-Cache: O-cookie d=0000000062ae7b15{9p.inode} n=00000000928c8ce3
[    0.744275] FS-Cache: O-key=[8] 'ed48020000001a00'
[    0.744577] FS-Cache: N-cookie c=0000000a [p=00000006 fl=2 nc=0 na=1]
[    0.744933] FS-Cache: N-cookie d=0000000062ae7b15{9p.inode} n=0000000014191dd1
[    0.745356] FS-Cache: N-key=[8] 'ed48020000001a00'
[    0.807521] FS-Cache: Duplicate cookie detected
[    0.807820] FS-Cache: O-cookie c=0000000c [p=00000006 fl=226 nc=0 na=1]
[    0.808180] FS-Cache: O-cookie d=0000000062ae7b15{9p.inode} n=00000000ce54cc9c
[    0.808655] FS-Cache: O-key=[8] 'ad4d020000002700'
[    0.808978] FS-Cache: N-cookie c=0000000d [p=00000006 fl=2 nc=0 na=1]
[    0.809341] FS-Cache: N-cookie d=0000000062ae7b15{9p.inode} n=00000000cf1b4f97
[    0.809770] FS-Cache: N-key=[8] 'ad4d020000002700'
[    0.847732] FS-Cache: Duplicate cookie detected
[    0.848029] FS-Cache: O-cookie c=0000000f [p=00000006 fl=226 nc=0 na=1]
[    0.848385] FS-Cache: O-cookie d=0000000062ae7b15{9p.inode} n=00000000b1174ad3
[    0.848818] FS-Cache: O-key=[8] '984e020000000d00'
[    0.849110] FS-Cache: N-cookie c=00000010 [p=00000006 fl=2 nc=0 na=1]
[    0.849463] FS-Cache: N-cookie d=0000000062ae7b15{9p.inode} n=00000000029d1b4f
[    0.849885] FS-Cache: N-key=[8] '984e020000000d00'
[    0.874665] FS-Cache: Duplicate cookie detected
[    0.874962] FS-Cache: O-cookie c=00000012 [p=00000006 fl=226 nc=0 na=1]
[    0.875320] FS-Cache: O-cookie d=0000000062ae7b15{9p.inode} n=00000000f2fbf751
[    0.875764] FS-Cache: O-key=[8] 'c644020000000f00'
[    0.876053] FS-Cache: N-cookie c=00000013 [p=00000006 fl=2 nc=0 na=1]
[    0.876407] FS-Cache: N-cookie d=0000000062ae7b15{9p.inode} n=00000000736624e7
[    0.876830] FS-Cache: N-key=[8] 'c644020000000f00'
[    1.024528] FS-Cache: Duplicate cookie detected
[    1.024825] FS-Cache: O-cookie c=00000016 [p=00000002 fl=222 nc=0 na=1]
[    1.025165] FS-Cache: O-cookie d=000000004b291c58{9P.session} n=00000000feed2351
[    1.025580] FS-Cache: O-key=[10] '34323934393337333933'
[    1.025864] FS-Cache: N-cookie c=00000017 [p=00000002 fl=2 nc=0 na=1]
[    1.026212] FS-Cache: N-cookie d=000000004b291c58{9P.session} n=0000000080464bfc
[    1.026628] FS-Cache: N-key=[10] '34323934393337333933'
[    1.088677] FS-Cache: Duplicate cookie detected
[    1.088977] FS-Cache: O-cookie c=00000018 [p=00000002 fl=222 nc=0 na=1]
[    1.089339] FS-Cache: O-cookie d=000000004b291c58{9P.session} n=00000000df0fe1cd
[    1.089777] FS-Cache: O-key=[10] '34323934393337333939'
[    1.090063] FS-Cache: N-cookie c=00000019 [p=00000002 fl=2 nc=0 na=1]
[    1.090448] FS-Cache: N-cookie d=000000004b291c58{9P.session} n=000000004fde69d6
[    1.090884] FS-Cache: N-key=[10] '34323934393337333939'
[    1.170241] clocksource: tsc: mask: 0xffffffffffffffff max_cycles: 0x2b3e4c0030f, max_idle_ns: 440795221275 ns
[    1.171763] clocksource: Switched to clocksource tsc
[    1.212885] misc dxg: dxgk: dxgkio_is_feature_enabled: Ioctl failed: -22
[    1.224532] misc dxg: dxgk: dxgkio_query_adapter_info: Ioctl failed: -22
[    1.224958] misc dxg: dxgk: dxgkio_query_adapter_info: Ioctl failed: -22
[    1.225382] misc dxg: dxgk: dxgkio_query_adapter_info: Ioctl failed: -22
[    1.225887] misc dxg: dxgk: dxgkio_query_adapter_info: Ioctl failed: -2
[    1.389995] systemd-journald[49]: Collecting audit messages is disabled.
[    1.425424] systemd-journald[49]: Received client request to flush runtime journal.
[    1.426298] systemd-journald[49]: File /var/log/journal/2ac860dce3f94818b913592f1cb9a47c/system.journal corrupted or uncleanly shut down, renaming and replacing.
[    1.619464] systemd-journald[49]: Time jumped backwards, rotating.
[    2.214761] TCP: eth0: Driver has suspect GRO implementation, TCP performance may be compromised.
[    2.423986] WSL (2): Creating login session for alexandr
[    2.932799] misc dxg: dxgk: dxgkio_query_adapter_info: Ioctl failed: -2
[    3.432099] misc dxg: dxgk: dxgkio_query_adapter_info: Ioctl failed: -2
[    3.432619] misc dxg: dxgk: dxgkio_query_adapter_info: Ioctl failed: -2
[    3.433069] misc dxg: dxgk: dxgkio_query_adapter_info: Ioctl failed: -2
[    3.433559] misc dxg: dxgk: dxgkio_query_adapter_info: Ioctl failed: -2
[    3.434002] misc dxg: dxgk: dxgkio_query_adapter_info: Ioctl failed: -2
[    3.434459] misc dxg: dxgk: dxgkio_query_adapter_info: Ioctl failed: -2
[    3.434903] misc dxg: dxgk: dxgkio_query_adapter_info: Ioctl failed: -2
[    3.435351] misc dxg: dxgk: dxgkio_query_adapter_info: Ioctl failed: -2
[    3.435795] misc dxg: dxgk: dxgkio_query_adapter_info: Ioctl failed: -2
[    3.436244] misc dxg: dxgk: dxgkio_query_adapter_info: Ioctl failed: -2
[    3.436686] misc dxg: dxgk: dxgkio_query_adapter_info: Ioctl failed: -2
[    3.618092] misc dxg: dxgk: dxgkio_query_adapter_info: Ioctl failed: -2
[   48.827068] hv_balloon: Max. dynamic memory size: 16346 MB
[  600.610967] mini_init (203): drop_caches: 1
[  953.281492] systemd-journald[49]: Time jumped backwards, rotating.
[ 2101.671041] mini_init (203): drop_caches: 1
[ 2564.318481] systemd-journald[49]: Time jumped backwards, rotating.
